Daily update Sat Feb 28 04:23:33 UTC 2026
Sat Feb 28 09:27:25 UTC 2026
Sat Feb 28 09:37:06 UTC 2026
Sat Feb 28 09:37:19 UTC 2026
Sun Mar  1 04:32:27 UTC 2026
Mon Mar  2 04:24:58 UTC 2026
Tue Mar  3 04:24:43 UTC 2026
Wed Mar  4 04:18:56 UTC 2026
Thu Mar  5 04:22:13 UTC 2026
Fri Mar  6 04:18:44 UTC 2026
Sat Mar  7 04:10:53 UTC 2026
Sun Mar  8 04:22:07 UTC 2026
Mon Mar  9 04:28:37 UTC 2026
Tue Mar 10 04:19:36 UTC 2026
Wed Mar 11 04:19:55 UTC 2026
Thu Mar 12 04:23:38 UTC 2026
Fri Mar 13 04:22:32 UTC 2026
Sat Mar 14 04:20:33 UTC 2026
Sun Mar 15 04:42:47 UTC 2026
Mon Mar 16 05:01:59 UTC 2026
Tue Mar 17 04:28:34 UTC 2026
Wed Mar 18 04:33:53 UTC 2026
Thu Mar 19 04:32:45 UTC 2026
Fri Mar 20 04:24:12 UTC 2026
Sat Mar 21 04:15:36 UTC 2026
Sun Mar 22 04:30:38 UTC 2026
Mon Mar 23 04:39:21 UTC 2026
Tue Mar 24 04:29:18 UTC 2026
Wed Mar 25 04:30:52 UTC 2026
Thu Mar 26 04:42:39 UTC 2026
Fri Mar 27 04:43:31 UTC 2026
Sat Mar 28 04:30:47 UTC 2026
Sun Mar 29 04:58:05 UTC 2026
Mon Mar 30 05:09:27 UTC 2026
Tue Mar 31 04:45:53 UTC 2026
Wed Apr  1 05:09:54 UTC 2026
Thu Apr  2 04:39:46 UTC 2026
Fri Apr  3 04:40:35 UTC 2026
Sat Apr  4 04:27:48 UTC 2026
Sun Apr  5 04:58:43 UTC 2026
Mon Apr  6 05:08:43 UTC 2026
Tue Apr  7 04:43:41 UTC 2026
Wed Apr  8 04:58:45 UTC 2026
Thu Apr  9 04:43:37 UTC 2026
Fri Apr 10 05:10:15 UTC 2026
Sat Apr 11 04:31:33 UTC 2026
Sun Apr 12 05:09:05 UTC 2026
Mon Apr 13 05:25:39 UTC 2026
Tue Apr 14 05:08:24 UTC 2026
Wed Apr 15 05:08:59 UTC 2026
Thu Apr 16 05:14:58 UTC 2026
Fri Apr 17 05:13:21 UTC 2026
Sat Apr 18 04:43:08 UTC 2026
Sun Apr 19 05:13:48 UTC 2026
Mon Apr 20 05:24:01 UTC 2026
Tue Apr 21 05:11:56 UTC 2026
Wed Apr 22 05:10:19 UTC 2026
Thu Apr 23 05:14:02 UTC 2026
Fri Apr 24 05:18:48 UTC 2026
Sat Apr 25 04:58:23 UTC 2026
Sun Apr 26 05:22:41 UTC 2026
Mon Apr 27 05:37:15 UTC 2026
Tue Apr 28 05:41:55 UTC 2026
Wed Apr 29 05:37:26 UTC 2026
Thu Apr 30 05:41:41 UTC 2026
Fri May  1 05:51:23 UTC 2026
Sat May  2 05:21:36 UTC 2026
Sun May  3 05:40:49 UTC 2026
Mon May  4 05:46:29 UTC 2026
Tue May  5 05:25:30 UTC 2026
Wed May  6 05:40:42 UTC 2026
Thu May  7 05:43:29 UTC 2026
Fri May  8 05:14:31 UTC 2026
Sat May  9 05:31:47 UTC 2026
Sun May 10 05:46:55 UTC 2026
Mon May 11 06:11:03 UTC 2026
Tue May 12 05:49:31 UTC 2026
Wed May 13 05:59:50 UTC 2026
Thu May 14 06:00:04 UTC 2026
Fri May 15 06:06:47 UTC 2026
Sat May 16 05:38:09 UTC 2026
Sun May 17 05:58:21 UTC 2026
Mon May 18 06:36:01 UTC 2026
Tue May 19 06:30:39 UTC 2026
Wed May 20 06:30:26 UTC 2026
Thu May 21 06:32:27 UTC 2026
Fri May 22 06:29:48 UTC 2026
Sat May 23 05:50:09 UTC 2026
Sun May 24 06:13:41 UTC 2026
Mon May 25 06:50:06 UTC 2026
Tue May 26 06:29:33 UTC 2026
Wed May 27 06:43:18 UTC 2026
Thu May 28 06:34:28 UTC 2026
Fri May 29 06:35:34 UTC 2026
Sat May 30 05:58:50 UTC 2026
Sun May 31 06:37:54 UTC 2026
Mon Jun  1 07:27:09 UTC 2026
Tue Jun  2 07:04:49 UTC 2026
Wed Jun  3 07:18:44 UTC 2026
Thu Jun  4 06:58:46 UTC 2026
Fri Jun  5 06:46:58 UTC 2026
Sat Jun  6 06:05:44 UTC 2026
Sun Jun  7 06:46:10 UTC 2026
Mon Jun  8 07:10:58 UTC 2026
Tue Jun  9 06:30:07 UTC 2026
Wed Jun 10 06:46:35 UTC 2026
Thu Jun 11 07:11:54 UTC 2026
Fri Jun 12 06:58:38 UTC 2026
Sat Jun 13 06:34:48 UTC 2026
Sun Jun 14 07:03:48 UTC 2026
Mon Jun 15 07:42:22 UTC 2026
Tue Jun 16 08:23:40 UTC 2026
Wed Jun 17 07:30:53 UTC 2026
Thu Jun 18 07:13:47 UTC 2026
Fri Jun 19 07:34:27 UTC 2026
Sat Jun 20 06:44:11 UTC 2026
Sun Jun 21 07:13:45 UTC 2026
Mon Jun 22 08:34:13 UTC 2026
Tue Jun 23 06:30:18 UTC 2026
Wed Jun 24 06:27:42 UTC 2026
Thu Jun 25 06:30:02 UTC 2026
Fri Jun 26 06:32:50 UTC 2026
Sat Jun 27 06:06:01 UTC 2026
Sun Jun 28 06:40:43 UTC 2026
Mon Jun 29 07:10:17 UTC 2026
Tue Jun 30 06:36:21 UTC 2026
Wed Jul  1 06:48:57 UTC 2026
Thu Jul  2 06:13:01 UTC 2026
Fri Jul  3 06:06:03 UTC 2026
Sat Jul  4 05:57:12 UTC 2026
Sun Jul  5 06:22:01 UTC 2026
Mon Jul  6 06:50:04 UTC 2026
Tue Jul  7 06:27:12 UTC 2026
Wed Jul  8 05:33:53 UTC 2026
Thu Jul  9 06:29:31 UTC 2026
Fri Jul 10 06:23:33 UTC 2026
Sat Jul 11 05:24:07 UTC 2026
Sun Jul 12 05:40:10 UTC 2026
Mon Jul 13 05:50:27 UTC 2026
Tue Jul 14 05:11:41 UTC 2026
Wed Jul 15 05:11:58 UTC 2026
Thu Jul 16 05:22:35 UTC 2026
Fri Jul 17 05:24:35 UTC 2026
Sat Jul 18 05:07:04 UTC 2026
Sun Jul 19 05:34:38 UTC 2026
Mon Jul 20 05:51:23 UTC 2026
Tue Jul 21 05:32:30 UTC 2026
Wed Jul 22 05:31:21 UTC 2026
Thu Jul 23 05:37:09 UTC 2026
Fri Jul 24 05:32:32 UTC 2026
Sat Jul 25 05:26:03 UTC 2026
Sun Jul 26 05:43:09 UTC 2026
Mon Jul 27 06:02:13 UTC 2026
Tue Jul 28 05:27:01 UTC 2026
Wed Jul 29 05:34:12 UTC 2026
Thu Jul 30 05:21:16 UTC 2026
Fri Jul 31 05:47:15 UTC 2026
Sat Aug  1 05:38:19 UTC 2026
Sun Aug  2 05:39:00 UTC 2026
Mon Aug  3 05:54:35 UTC 2026
Tue Aug  4 05:27:43 UTC 2026
Wed Aug  5 05:27:03 UTC 2026
Thu Aug  6 05:29:13 UTC 2026
Fri Aug  7 04:34:29 UTC 2026
Sat Aug  8 03:48:37 UTC 2026
